Copyright 1986-2015 Xilinx, Inc. All Rights Reserved.
----------------------------------------------------------------------------------------------------------------
| Tool Version : Vivado v.2015.4 (win64) Build 1412921 Wed Nov 18 09:43:45 MST 2015
| Date         : Thu May 29 13:18:30 2025
| Host         : redlabdesktop5 running 64-bit major release  (build 9200)
| Command      : report_timing -file out/post_route_timing.rpt -sort_by group -max_paths 100 -path_type summary
| Design       : red_pitaya_top
| Device       : 7z010-clg400
| Speed File   : -1  PRODUCTION 1.11 2014-09-11
----------------------------------------------------------------------------------------------------------------

Timing Report

Startpoint                     Endpoint                       Slack(ns)     
----------------------------------------------------------------------------
i_dsp/genblk5[7].iq_2_outputs/iqfilter[1]/genblk2[0].lpf/y_reg[37]/C
                               i_dsp/genblk5[7].iq_2_outputs/modulator/secondproduct1/D[4]
                                                              -4.630        
i_dsp/genblk5[7].iq_2_outputs/iqfilter[1]/genblk2[0].lpf/y_reg[37]/C
                               i_dsp/genblk5[7].iq_2_outputs/modulator/secondproduct1/D[0]
                                                              -4.591        
i_dsp/genblk5[7].iq_2_outputs/iqfilter[1]/genblk2[0].lpf/y_reg[37]/C
                               i_dsp/genblk5[7].iq_2_outputs/modulator/secondproduct1/D[6]
                                                              -4.565        
i_dsp/genblk5[7].iq_2_outputs/iqfilter[1]/genblk2[0].lpf/y_reg[37]/C
                               i_dsp/genblk5[7].iq_2_outputs/modulator/secondproduct1/D[7]
                                                              -4.554        
i_dsp/genblk5[7].iq_2_outputs/iqfilter[1]/genblk2[0].lpf/y_reg[37]/C
                               i_dsp/genblk5[7].iq_2_outputs/modulator/secondproduct1/D[8]
                                                              -4.527        
i_dsp/genblk5[7].iq_2_outputs/iqfilter[1]/genblk2[0].lpf/y_reg[37]/C
                               i_dsp/genblk5[7].iq_2_outputs/modulator/secondproduct1/D[1]
                                                              -4.511        
i_dsp/genblk5[7].iq_2_outputs/iqfilter[1]/genblk2[0].lpf/y_reg[37]/C
                               i_dsp/genblk5[7].iq_2_outputs/modulator/secondproduct1/D[2]
                                                              -4.436        
i_dsp/genblk5[7].iq_2_outputs/iqfilter[1]/genblk2[0].lpf/y_reg[37]/C
                               i_dsp/genblk5[7].iq_2_outputs/modulator/secondproduct1/D[5]
                                                              -4.431        
i_dsp/genblk5[7].iq_2_outputs/iqfilter[1]/genblk2[0].lpf/y_reg[37]/C
                               i_dsp/genblk5[7].iq_2_outputs/modulator/secondproduct1/D[11]
                                                              -4.418        
i_dsp/genblk5[7].iq_2_outputs/iqfilter[1]/genblk2[0].lpf/y_reg[37]/C
                               i_dsp/genblk5[7].iq_2_outputs/modulator/secondproduct1/D[10]
                                                              -4.405        
i_dsp/genblk5[7].iq_2_outputs/iqfilter[1]/genblk2[0].lpf/y_reg[37]/C
                               i_dsp/genblk5[7].iq_2_outputs/modulator/secondproduct1/D[9]
                                                              -4.405        
i_dsp/genblk5[7].iq_2_outputs/iqfilter[1]/genblk2[0].lpf/y_reg[37]/C
                               i_dsp/genblk5[7].iq_2_outputs/modulator/secondproduct1/D[3]
                                                              -4.393        
i_dsp/genblk5[7].iq_2_outputs/iqfilter[1]/genblk2[0].lpf/y_reg[37]/C
                               i_dsp/genblk5[7].iq_2_outputs/modulator/secondproduct1/D[12]
                                                              -4.390        
i_dsp/genblk5[7].iq_2_outputs/iqfilter[0]/genblk2[0].lpf/y_reg[27]/C
                               i_dsp/genblk5[7].iq_2_outputs/modulator/q2_product_reg_reg[4]/D
                                                              -3.813        
i_dsp/genblk4[5].iq/iqfilter[1]/genblk2[0].lpf/delta_reg[3]/C
                               i_dsp/genblk4[5].iq/modulator/secondproduct1/D[7]
                                                              -3.811        
i_dsp/genblk5[7].iq_2_outputs/iqfilter[0]/genblk2[0].lpf/y_reg[27]/C
                               i_dsp/genblk5[7].iq_2_outputs/modulator/q2_product_reg_reg[5]/D
                                                              -3.807        
i_dsp/genblk5[7].iq_2_outputs/iqfilter[0]/genblk2[0].lpf/y_reg[38]/C
                               i_dsp/genblk5[7].iq_2_outputs/modulator/firstproduct_saturation[1]/psdsp_3/D
                                                              -3.789        
i_dsp/genblk4[5].iq/iqfilter[1]/genblk2[0].lpf/delta_reg[3]/C
                               i_dsp/genblk4[5].iq/modulator/secondproduct1/D[9]
                                                              -3.786        
i_dsp/genblk5[7].iq_2_outputs/iqfilter[0]/genblk2[0].lpf/y_reg[38]/C
                               i_dsp/genblk5[7].iq_2_outputs/modulator/firstproduct_saturation[1]/psdsp_7/D
                                                              -3.780        
i_dsp/genblk5[7].iq_2_outputs/iqfilter[0]/genblk2[0].lpf/y_reg[27]/C
                               i_dsp/genblk5[7].iq_2_outputs/modulator/q2_product_reg_reg[9]/D
                                                              -3.776        
i_dsp/genblk5[7].iq_2_outputs/iqfilter[0]/genblk2[0].lpf/y_reg[27]/C
                               i_dsp/genblk5[7].iq_2_outputs/modulator/q2_product_reg_reg[1]/D
                                                              -3.770        
i_dsp/genblk5[7].iq_2_outputs/iqfilter[0]/genblk2[0].lpf/y_reg[38]/C
                               i_dsp/genblk5[7].iq_2_outputs/modulator/firstproduct_saturation[1]/psdsp_10/D
                                                              -3.769        
i_dsp/genblk5[7].iq_2_outputs/iqfilter[0]/genblk2[0].lpf/y_reg[27]/C
                               i_dsp/genblk5[7].iq_2_outputs/modulator/q2_product_reg_reg[6]/D
                                                              -3.758        
i_dsp/genblk4[5].iq/iqfilter[1]/genblk2[0].lpf/delta_reg[3]/C
                               i_dsp/genblk4[5].iq/modulator/secondproduct1/D[3]
                                                              -3.757        
i_dsp/genblk5[7].iq_2_outputs/iqfilter[0]/genblk2[0].lpf/y_reg[27]/C
                               i_dsp/genblk5[7].iq_2_outputs/modulator/q2_product_reg_reg[7]/D
                                                              -3.754        
i_dsp/genblk5[7].iq_2_outputs/iqfilter[0]/genblk2[0].lpf/y_reg[27]/C
                               i_dsp/genblk5[7].iq_2_outputs/modulator/q2_product_reg_reg[8]/D
                                                              -3.749        
i_dsp/genblk5[7].iq_2_outputs/iqfilter[0]/genblk2[0].lpf/y_reg[38]/C
                               i_dsp/genblk5[7].iq_2_outputs/modulator/firstproduct_saturation[1]/psdsp_8/D
                                                              -3.744        
i_dsp/genblk4[6].iq/iqfilter[1]/genblk2[0].lpf/y_reg[32]/C
                               i_dsp/genblk4[6].iq/modulator/secondproduct1/D[8]
                                                              -3.744        
i_dsp/genblk4[6].iq/iqfilter[1]/genblk2[0].lpf/y_reg[32]/C
                               i_dsp/genblk4[6].iq/modulator/secondproduct1/D[5]
                                                              -3.733        
i_dsp/genblk5[7].iq_2_outputs/iqfilter[0]/genblk2[0].lpf/y_reg[38]/C
                               i_dsp/genblk5[7].iq_2_outputs/modulator/firstproduct_saturation[1]/psdsp_4/D
                                                              -3.715        
i_dsp/genblk4[6].iq/iqfilter[1]/genblk2[0].lpf/y_reg[32]/C
                               i_dsp/genblk4[6].iq/modulator/secondproduct1/D[9]
                                                              -3.705        
i_dsp/genblk4[6].iq/iqfilter[1]/genblk2[0].lpf/y_reg[32]/C
                               i_dsp/genblk4[6].iq/modulator/secondproduct1/D[7]
                                                              -3.701        
i_dsp/genblk5[7].iq_2_outputs/iqfilter[0]/genblk2[0].lpf/y_reg[38]/C
                               i_dsp/genblk5[7].iq_2_outputs/modulator/firstproduct_saturation[1]/psdsp_2/D
                                                              -3.692        
i_dsp/genblk4[6].iq/iqfilter[1]/genblk2[0].lpf/y_reg[32]/C
                               i_dsp/genblk4[6].iq/modulator/secondproduct1/D[6]
                                                              -3.674        
i_dsp/genblk4[6].iq/iqfilter[1]/genblk2[0].lpf/y_reg[32]/C
                               i_dsp/genblk4[6].iq/modulator/secondproduct1/D[2]
                                                              -3.671        
i_dsp/genblk5[7].iq_2_outputs/iqfilter[0]/genblk2[0].lpf/y_reg[38]/C
                               i_dsp/genblk5[7].iq_2_outputs/modulator/firstproduct_saturation[1]/psdsp_9/D
                                                              -3.645        
i_dsp/genblk5[7].iq_2_outputs/iqfilter[0]/genblk2[0].lpf/y_reg[27]/C
                               i_dsp/genblk5[7].iq_2_outputs/modulator/q2_product_reg_reg[0]/D
                                                              -3.634        
i_dsp/genblk4[5].iq/iqfilter[1]/genblk2[0].lpf/delta_reg[3]/C
                               i_dsp/genblk4[5].iq/modulator/secondproduct1/D[2]
                                                              -3.633        
i_dsp/genblk5[7].iq_2_outputs/iqfilter[0]/genblk2[0].lpf/y_reg[27]/C
                               i_dsp/genblk5[7].iq_2_outputs/modulator/q2_product_reg_reg[3]/D
                                                              -3.630        
i_dsp/genblk5[7].iq_2_outputs/iqfilter[0]/genblk2[0].lpf/y_reg[27]/C
                               i_dsp/genblk5[7].iq_2_outputs/modulator/q2_product_reg_reg[11]/D
                                                              -3.627        
i_dsp/genblk5[7].iq_2_outputs/iqfilter[0]/genblk2[0].lpf/y_reg[38]/C
                               i_dsp/genblk5[7].iq_2_outputs/modulator/firstproduct_saturation[1]/psdsp_12/D
                                                              -3.623        
i_dsp/genblk4[6].iq/iqfilter[1]/genblk2[0].lpf/y_reg[32]/C
                               i_dsp/genblk4[6].iq/modulator/secondproduct1/D[3]
                                                              -3.619        
i_dsp/genblk5[7].iq_2_outputs/iqfilter[0]/genblk2[0].lpf/y_reg[38]/C
                               i_dsp/genblk5[7].iq_2_outputs/modulator/firstproduct_saturation[1]/psdsp_6/D
                                                              -3.617        
i_dsp/genblk5[7].iq_2_outputs/iqfilter[0]/genblk2[0].lpf/y_reg[27]/C
                               i_dsp/genblk5[7].iq_2_outputs/modulator/q2_product_reg_reg[12]/D
                                                              -3.600        
i_dsp/genblk4[5].iq/iqfilter[1]/genblk2[0].lpf/delta_reg[3]/C
                               i_dsp/genblk4[5].iq/modulator/secondproduct1/D[11]
                                                              -3.592        
i_dsp/genblk4[5].iq/iqfilter[1]/genblk2[0].lpf/delta_reg[3]/C
                               i_dsp/genblk4[5].iq/modulator/secondproduct1/D[6]
                                                              -3.591        
i_dsp/genblk4[5].iq/iqfilter[1]/genblk2[0].lpf/delta_reg[3]/C
                               i_dsp/genblk4[5].iq/modulator/secondproduct1/D[1]
                                                              -3.588        
i_dsp/genblk4[5].iq/iqfilter[1]/genblk2[0].lpf/delta_reg[3]/C
                               i_dsp/genblk4[5].iq/modulator/secondproduct1/D[0]
                                                              -3.584        
i_dsp/genblk5[7].iq_2_outputs/iqfilter[0]/genblk2[0].lpf/y_reg[38]/C
                               i_dsp/genblk5[7].iq_2_outputs/modulator/firstproduct_saturation[1]/psdsp_11/D
                                                              -3.573        
i_dsp/genblk5[7].iq_2_outputs/iqfilter[0]/genblk2[0].lpf/y_reg[27]/C
                               i_dsp/genblk5[7].iq_2_outputs/modulator/q2_product_reg_reg[10]/D
                                                              -3.570        
i_ps/axi_slave_gp0/wr_wdata_reg[5]/C
                               i_ams/dac_c_o_reg[5]/D         -3.568        
i_dsp/genblk5[7].iq_2_outputs/iqfilter[0]/genblk2[0].lpf/y_reg[27]/C
                               i_dsp/genblk5[7].iq_2_outputs/modulator/q2_product_reg_reg[2]/D
                                                              -3.557        
i_ps/axi_slave_gp0/wr_wdata_reg[18]/C
                               i_asg/set_a_ncyc_reg[18]/D     -3.544        
i_dsp/genblk4[6].iq/iqfilter[1]/genblk2[0].lpf/y_reg[32]/C
                               i_dsp/genblk4[6].iq/modulator/secondproduct1/D[10]
                                                              -3.542        
i_dsp/genblk4[5].iq/iqfilter[1]/genblk2[0].lpf/delta_reg[3]/C
                               i_dsp/genblk4[5].iq/modulator/secondproduct1/D[5]
                                                              -3.536        
i_dsp/genblk4[5].iq/iqfilter[1]/genblk2[0].lpf/delta_reg[3]/C
                               i_dsp/genblk4[5].iq/modulator/secondproduct1/D[4]
                                                              -3.532        
i_dsp/genblk4[6].iq/iqfilter[1]/genblk2[0].lpf/y_reg[32]/C
                               i_dsp/genblk4[6].iq/modulator/secondproduct1/D[0]
                                                              -3.527        
i_dsp/genblk4[6].iq/iqfilter[1]/genblk2[0].lpf/y_reg[32]/C
                               i_dsp/genblk4[6].iq/modulator/secondproduct1/D[1]
                                                              -3.502        
i_dsp/genblk5[7].iq_2_outputs/modulator/q1_product_reg_reg[2]/C
                               i_dsp/genblk2[1].i_pid/ki_mult_reg/B[13]
                                                              -3.494        
i_dsp/genblk4[6].iq/iqfilter[1]/genblk2[0].lpf/y_reg[32]/C
                               i_dsp/genblk4[6].iq/modulator/secondproduct1/D[4]
                                                              -3.489        
i_dsp/genblk4[6].iq/iqfilter[1]/genblk2[0].lpf/y_reg[32]/C
                               i_dsp/genblk4[6].iq/modulator/secondproduct1/D[12]
                                                              -3.482        
i_dsp/genblk5[7].iq_2_outputs/modulator/q1_product_reg_reg[2]/C
                               i_dsp/genblk2[1].i_pid/kp_mult0/B[13]
                                                              -3.468        
i_dsp/genblk4[5].iq/iqfilter[1]/genblk2[0].lpf/delta_reg[3]/C
                               i_dsp/genblk4[5].iq/modulator/secondproduct1/D[10]
                                                              -3.465        
i_dsp/genblk5[7].iq_2_outputs/modulator/q1_product_reg_reg[2]/C
                               i_dsp/genblk2[1].i_pid/ki_mult_reg/B[9]
                                                              -3.453        
i_dsp/genblk5[7].iq_2_outputs/modulator/q1_product_reg_reg[2]/C
                               i_dsp/genblk2[1].i_pid/kp_mult0/B[9]
                                                              -3.450        
i_dsp/genblk5[7].iq_2_outputs/modulator/q1_product_reg_reg[2]/C
                               i_dsp/genblk2[1].i_pid/ki_mult_reg/B[17]
                                                              -3.439        
adc_rstn_reg/C                 i_dsp/genblk4[6].iq/iq_i_sum_reg[4]/R
                                                              -3.435        
adc_rstn_reg/C                 i_dsp/genblk4[6].iq/iq_i_sum_reg[5]/R
                                                              -3.435        
adc_rstn_reg/C                 i_dsp/genblk4[6].iq/iq_i_sum_reg[6]/R
                                                              -3.435        
adc_rstn_reg/C                 i_dsp/genblk4[6].iq/iq_i_sum_reg[7]/R
                                                              -3.435        
i_dsp/genblk4[5].iq/iqfilter[1]/genblk2[0].lpf/delta_reg[3]/C
                               i_dsp/genblk4[5].iq/modulator/secondproduct1/D[8]
                                                              -3.429        
i_dsp/genblk5[7].iq_2_outputs/iqfilter[0]/genblk2[0].lpf/y_reg[38]/C
                               i_dsp/genblk5[7].iq_2_outputs/modulator/firstproduct_saturation[1]/psdsp_5/D
                                                              -3.425        
i_dsp/genblk5[7].iq_2_outputs/iqfilter[1]/genblk2[0].lpf/y_reg[37]/C
                               i_dsp/genblk5[7].iq_2_outputs/modulator/q1_product_reg_reg[11]/D
                                                              -3.422        
i_dsp/genblk5[7].iq_2_outputs/iqfilter[1]/genblk2[0].lpf/y_reg[37]/C
                               i_dsp/genblk5[7].iq_2_outputs/modulator/q1_product_reg_reg[2]/D
                                                              -3.420        
i_dsp/genblk5[7].iq_2_outputs/iqfilter[1]/genblk2[0].lpf/y_reg[37]/C
                               i_dsp/genblk5[7].iq_2_outputs/modulator/q1_product_reg_reg[10]/D
                                                              -3.420        
i_ps/axi_slave_gp0/wr_wdata_reg[15]/C
                               i_dsp/genblk2[0].i_pid/kp_mult0/A[15]
                                                              -3.419        
i_dsp/genblk5[7].iq_2_outputs/iqfilter[1]/genblk2[0].lpf/y_reg[37]/C
                               i_dsp/genblk5[7].iq_2_outputs/modulator/q1_product_reg_reg[1]/D
                                                              -3.418        
i_dsp/genblk5[7].iq_2_outputs/iqfilter[0]/genblk2[0].lpf/y_reg[38]/C
                               i_dsp/genblk5[7].iq_2_outputs/modulator/firstproduct_saturation[1]/psdsp/D
                                                              -3.409        
i_dsp/genblk5[7].iq_2_outputs/modulator/q1_product_reg_reg[2]/C
                               i_dsp/genblk2[1].i_pid/ki_mult_reg/B[15]
                                                              -3.408        
i_dsp/genblk5[7].iq_2_outputs/iqfilter[0]/genblk2[0].lpf/y_reg[38]/C
                               i_dsp/genblk5[7].iq_2_outputs/modulator/firstproduct_saturation[1]/psdsp_1/D
                                                              -3.401        
adc_rstn_reg/C                 i_dsp/genblk4[6].iq/iq_i_sum_reg[10]/R
                                                              -3.375        
adc_rstn_reg/C                 i_dsp/genblk4[6].iq/iq_i_sum_reg[11]/R
                                                              -3.375        
adc_rstn_reg/C                 i_dsp/genblk4[6].iq/iq_i_sum_reg[8]/R
                                                              -3.375        
adc_rstn_reg/C                 i_dsp/genblk4[6].iq/iq_i_sum_reg[9]/R
                                                              -3.375        
i_dsp/genblk5[7].iq_2_outputs/modulator/q1_product_reg_reg[2]/C
                               i_dsp/genblk2[1].i_pid/ki_mult_reg/B[14]
                                                              -3.369        
i_dsp/genblk5[7].iq_2_outputs/modulator/q1_product_reg_reg[2]/C
                               i_dsp/genblk2[1].i_pid/ki_mult_reg/B[16]
                                                              -3.360        
i_dsp/genblk5[7].iq_2_outputs/modulator/q1_product_reg_reg[2]/C
                               i_dsp/genblk2[1].i_pid/kp_mult0/B[12]
                                                              -3.358        
i_dsp/genblk5[7].iq_2_outputs/modulator/q1_product_reg_reg[2]/C
                               i_dsp/genblk2[1].i_pid/ki_mult_reg/B[12]
                                                              -3.357        
i_ps/axi_slave_gp0/wr_wdata_reg[18]/C
                               i_asg/set_b_ofs_reg[18]/D      -3.351        
i_dsp/genblk5[7].iq_2_outputs/modulator/q1_product_reg_reg[2]/C
                               i_dsp/genblk2[1].i_pid/kp_mult0/B[14]
                                                              -3.347        
i_dsp/genblk5[7].iq_2_outputs/modulator/q1_product_reg_reg[2]/C
                               i_dsp/genblk2[1].i_pid/kp_mult0/B[15]
                                                              -3.347        
i_dsp/genblk5[7].iq_2_outputs/modulator/q1_product_reg_reg[2]/C
                               i_dsp/genblk2[1].i_pid/ki_mult_reg/B[7]
                                                              -3.339        
i_dsp/genblk5[7].iq_2_outputs/modulator/q1_product_reg_reg[2]/C
                               i_dsp/genblk2[1].i_pid/kp_mult0/B[7]
                                                              -3.336        
i_dsp/genblk4[6].iq/iqfilter[1]/genblk2[0].lpf/y_reg[32]/C
                               i_dsp/genblk4[6].iq/modulator/secondproduct1/D[11]
                                                              -3.335        
i_dsp/genblk5[7].iq_2_outputs/iqfilter[1]/genblk2[0].lpf/y_reg[37]/C
                               i_dsp/genblk5[7].iq_2_outputs/modulator/q1_product_reg_reg[9]/D
                                                              -3.324        
i_dsp/genblk4[5].iq/demodulator/product2_reg/CLK
                               i_dsp/genblk4[5].iq/modulator/secondproduct2/B[2]
                                                              -3.324        
i_dsp/genblk5[7].iq_2_outputs/iqfilter[1]/genblk2[0].lpf/y_reg[37]/C
                               i_dsp/genblk5[7].iq_2_outputs/modulator/q1_product_reg_reg[8]/D
                                                              -3.315        
i_dsp/genblk5[7].iq_2_outputs/modulator/q1_product_reg_reg[2]/C
                               i_dsp/genblk2[1].i_pid/ki_mult_reg/B[11]
                                                              -3.314        
adc_rstn_reg/C                 i_dsp/genblk4[6].iq/iq_i_sum_reg[24]/R
                                                              -3.313        
adc_rstn_reg/C                 i_dsp/genblk4[6].iq/iq_i_sum_reg[25]/R
                                                              -3.313        
pwm[1]/v_r_reg[0]/C            pwm[1]/pwm_o_reg/D             -0.368        
pwm[0]/v_r_reg[1]/C            pwm[0]/pwm_o_reg/D             -0.291        
pwm[2]/v_r_reg[2]/C            pwm[2]/pwm_o_reg/D             -0.151        
pwm[3]/vcnt_r_reg[1]/C         pwm[3]/pwm_o_reg/D             -0.133        
pwm_rstn_reg/C                 pwm[2]/pwm_o_reg/R             -0.061        
pwm_rstn_reg/C                 pwm[3]/pwm_o_reg/R             0.029         
pwm_rstn_reg/C                 pwm[1]/pwm_o_reg/R             0.132         
pwm_rstn_reg/C                 pwm[1]/bcnt_reg[0]/R           0.208         
pwm_rstn_reg/C                 pwm[1]/bcnt_reg[1]/R           0.208         
pwm_rstn_reg/C                 pwm[1]/bcnt_reg[2]/R           0.208         
pwm_rstn_reg/C                 pwm[1]/bcnt_reg[3]/R           0.208         
i_ps/system_i/system_i/axi_protocol_converter_0/inst/gen_axilite.gen_b2s_conv.axilite_b2s/RD.r_channel_0/transaction_fifo_0/cnt_read_reg[3]_rep__0/C
                               i_ps/system_i/system_i/axi_protocol_converter_0/inst/gen_axilite.gen_b2s_conv.axilite_b2s/RD.r_channel_0/rd_data_fifo_0/cnt_read_reg[4]/D
                                                              0.208         
i_ps/system_i/system_i/axi_protocol_converter_0/inst/gen_axilite.gen_b2s_conv.axilite_b2s/RD.r_channel_0/transaction_fifo_0/cnt_read_reg[3]_rep__0/C
                               i_ps/system_i/system_i/axi_protocol_converter_0/inst/gen_axilite.gen_b2s_conv.axilite_b2s/RD.r_channel_0/rd_data_fifo_0/cnt_read_reg[4]_rep__0/D
                                                              0.212         
i_ps/system_i/system_i/axi_protocol_converter_0/inst/gen_axilite.gen_b2s_conv.axilite_b2s/RD.r_channel_0/transaction_fifo_0/cnt_read_reg[3]_rep__0/C
                               i_ps/system_i/system_i/axi_protocol_converter_0/inst/gen_axilite.gen_b2s_conv.axilite_b2s/RD.r_channel_0/rd_data_fifo_0/cnt_read_reg[4]_rep__2/D
                                                              0.215         
i_ps/system_i/system_i/axi_protocol_converter_0/inst/gen_axilite.gen_b2s_conv.axilite_b2s/RD.r_channel_0/transaction_fifo_0/cnt_read_reg[3]_rep__0/C
                               i_ps/system_i/system_i/axi_protocol_converter_0/inst/gen_axilite.gen_b2s_conv.axilite_b2s/RD.r_channel_0/rd_data_fifo_0/cnt_read_reg[4]_rep__1/D
                                                              0.220         
i_ps/system_i/system_i/axi_protocol_converter_0/inst/gen_axilite.gen_b2s_conv.axilite_b2s/RD.r_channel_0/transaction_fifo_0/cnt_read_reg[3]_rep__0/C
                               i_ps/system_i/system_i/axi_protocol_converter_0/inst/gen_axilite.gen_b2s_conv.axilite_b2s/RD.r_channel_0/rd_data_fifo_0/cnt_read_reg[4]_rep/D
                                                              0.224         
pwm_rstn_reg/C                 pwm[1]/vcnt_reg[0]/R           0.241         
pwm_rstn_reg/C                 pwm[1]/vcnt_reg[1]/R           0.241         
pwm_rstn_reg/C                 pwm[1]/vcnt_reg[2]/R           0.241         
pwm_rstn_reg/C                 pwm[1]/vcnt_reg[3]/R           0.241         
pwm_rstn_reg/C                 pwm[1]/vcnt_reg[4]/R           0.241         
pwm_rstn_reg/C                 pwm[1]/vcnt_reg[5]/R           0.241         
pwm[2]/vcnt_reg[0]/C           pwm[2]/v_reg[2]/CE             0.288         
i_ps/system_i/system_i/axi_protocol_converter_0/inst/gen_axilite.gen_b2s_conv.axilite_b2s/WR.b_channel_0/bid_fifo_0/cnt_read_reg[1]_rep__1/C
                               i_ps/system_i/system_i/axi_protocol_converter_0/inst/gen_axilite.gen_b2s_conv.axilite_b2s/WR.aw_channel_0/s_awid_r_reg[0]/CE
                                                              0.304         
i_ps/system_i/system_i/axi_protocol_converter_0/inst/gen_axilite.gen_b2s_conv.axilite_b2s/WR.b_channel_0/bid_fifo_0/cnt_read_reg[1]_rep__1/C
                               i_ps/system_i/system_i/axi_protocol_converter_0/inst/gen_axilite.gen_b2s_conv.axilite_b2s/WR.aw_channel_0/s_awid_r_reg[10]/CE
                                                              0.304         
i_ps/system_i/system_i/axi_protocol_converter_0/inst/gen_axilite.gen_b2s_conv.axilite_b2s/WR.b_channel_0/bid_fifo_0/cnt_read_reg[1]_rep__1/C
                               i_ps/system_i/system_i/axi_protocol_converter_0/inst/gen_axilite.gen_b2s_conv.axilite_b2s/WR.aw_channel_0/s_awid_r_reg[2]/CE
                                                              0.304         
i_ps/system_i/system_i/axi_protocol_converter_0/inst/gen_axilite.gen_b2s_conv.axilite_b2s/WR.b_channel_0/bid_fifo_0/cnt_read_reg[1]_rep__1/C
                               i_ps/system_i/system_i/axi_protocol_converter_0/inst/gen_axilite.gen_b2s_conv.axilite_b2s/WR.aw_channel_0/s_awid_r_reg[3]/CE
                                                              0.304         
i_ps/system_i/system_i/axi_protocol_converter_0/inst/gen_axilite.gen_b2s_conv.axilite_b2s/WR.b_channel_0/bid_fifo_0/cnt_read_reg[1]_rep__1/C
                               i_ps/system_i/system_i/axi_protocol_converter_0/inst/gen_axilite.gen_b2s_conv.axilite_b2s/WR.aw_channel_0/s_awid_r_reg[7]/CE
                                                              0.304         
i_ps/system_i/system_i/axi_protocol_converter_0/inst/gen_axilite.gen_b2s_conv.axilite_b2s/WR.b_channel_0/bid_fifo_0/cnt_read_reg[1]_rep__1/C
                               i_ps/system_i/system_i/axi_protocol_converter_0/inst/gen_axilite.gen_b2s_conv.axilite_b2s/WR.aw_channel_0/s_awid_r_reg[8]/CE
                                                              0.304         
i_ps/system_i/system_i/axi_protocol_converter_0/inst/gen_axilite.gen_b2s_conv.axilite_b2s/WR.b_channel_0/bid_fifo_0/cnt_read_reg[1]_rep__1/C
                               i_ps/system_i/system_i/axi_protocol_converter_0/inst/gen_axilite.gen_b2s_conv.axilite_b2s/WR.aw_channel_0/s_awid_r_reg[9]/CE
                                                              0.304         
i_ams/dac_c_o_reg[15]/C        pwm[2]/b_reg[15]/D             0.352         
pwm[2]/v_reg[1]/C              pwm[2]/v_r_reg[5]/D            0.358         
pwm_rstn_reg/C                 pwm[2]/vcnt_r_reg[0]/CE        0.358         
pwm_rstn_reg/C                 pwm[2]/vcnt_r_reg[1]/CE        0.358         
pwm_rstn_reg/C                 pwm[2]/vcnt_r_reg[3]/CE        0.358         
pwm_rstn_reg/C                 pwm[2]/vcnt_r_reg[2]/CE        0.368         
pwm_rstn_reg/C                 pwm[2]/vcnt_r_reg[4]/CE        0.368         
pwm_rstn_reg/C                 pwm[2]/vcnt_r_reg[6]/CE        0.368         
pwm_rstn_reg/C                 pwm[2]/vcnt_r_reg[7]/CE        0.368         
pwm[0]/bcnt_reg[3]/C           pwm[0]/v_reg[0]/CE             0.369         
pwm[0]/bcnt_reg[3]/C           pwm[0]/v_reg[1]/CE             0.369         
pwm[0]/bcnt_reg[3]/C           pwm[0]/v_reg[2]/CE             0.369         
pwm[0]/bcnt_reg[3]/C           pwm[0]/v_reg[4]/CE             0.369         
pwm_rstn_reg/C                 pwm[3]/b_reg[0]/CE             0.372         
pwm_rstn_reg/C                 pwm[3]/b_reg[1]/CE             0.372         
pwm_rstn_reg/C                 pwm[3]/b_reg[2]/CE             0.372         
i_ps/system_i/system_i/axi_protocol_converter_0/inst/gen_axilite.gen_b2s_conv.axilite_b2s/RD.r_channel_0/rd_data_fifo_0/cnt_read_reg[4]_rep__2/C
                               i_ps/system_i/system_i/axi_protocol_converter_0/inst/gen_axilite.gen_b2s_conv.axilite_b2s/RD.r_channel_0/transaction_fifo_0/cnt_read_reg[4]_rep__0/D
                                                              0.393         
i_ps/system_i/system_i/axi_protocol_converter_0/inst/gen_axilite.gen_b2s_conv.axilite_b2s/RD.r_channel_0/rd_data_fifo_0/cnt_read_reg[4]_rep__2/C
                               i_ps/system_i/system_i/axi_protocol_converter_0/inst/gen_axilite.gen_b2s_conv.axilite_b2s/RD.r_channel_0/transaction_fifo_0/cnt_read_reg[4]/D
                                                              0.405         
pwm[2]/v_reg[1]/C              pwm[2]/v_r_reg[6]/D            0.408         
pwm_rstn_reg/C                 pwm[1]/b_reg[12]/CE            0.415         
pwm_rstn_reg/C                 pwm[1]/b_reg[13]/CE            0.415         
pwm_rstn_reg/C                 pwm[1]/b_reg[4]/CE             0.415         
pwm_rstn_reg/C                 pwm[1]/b_reg[6]/CE             0.415         
pwm[2]/vcnt_reg[0]/C           pwm[2]/v_reg[0]/CE             0.433         
pwm[2]/vcnt_reg[0]/C           pwm[2]/v_reg[1]/CE             0.433         
pwm[2]/vcnt_reg[0]/C           pwm[2]/v_reg[3]/CE             0.433         
pwm[2]/vcnt_reg[0]/C           pwm[2]/v_reg[4]/CE             0.433         
pwm[2]/vcnt_reg[0]/C           pwm[2]/v_reg[5]/CE             0.433         
pwm[2]/vcnt_reg[0]/C           pwm[2]/v_reg[6]/CE             0.433         
pwm_rstn_reg/C                 pwm[0]/b_reg[6]/CE             0.439         
pwm_rstn_reg/C                 pwm[0]/b_reg[8]/CE             0.439         
pwm_rstn_reg/C                 pwm[0]/b_reg[9]/CE             0.439         
pwm[0]/bcnt_reg[3]/C           pwm[0]/v_reg[3]/CE             0.457         
pwm[0]/bcnt_reg[3]/C           pwm[0]/v_reg[5]/CE             0.457         
pwm[0]/bcnt_reg[3]/C           pwm[0]/v_reg[6]/CE             0.457         
pwm[0]/bcnt_reg[3]/C           pwm[0]/v_reg[7]/CE             0.457         
pwm[2]/vcnt_reg[0]/C           pwm[2]/v_reg[7]/CE             0.467         
pwm_rstn_reg/C                 pwm[3]/b_reg[11]/CE            0.498         
pwm_rstn_reg/C                 pwm[3]/b_reg[12]/CE            0.498         
pwm_rstn_reg/C                 pwm[3]/b_reg[13]/CE            0.498         
pwm_rstn_reg/C                 pwm[3]/b_reg[14]/CE            0.498         
i_ps/system_i/system_i/axi_protocol_converter_0/inst/gen_axilite.gen_b2s_conv.axilite_b2s/RD.r_channel_0/transaction_fifo_0/cnt_read_reg[3]_rep__0/C
                               i_ps/system_i/system_i/axi_protocol_converter_0/inst/gen_axilite.gen_b2s_conv.axilite_b2s/RD.r_channel_0/rd_data_fifo_0/cnt_read_reg[1]_rep__1/D
                                                              0.499         
pwm_rstn_reg/C                 pwm[0]/b_reg[10]/CE            0.500         
pwm_rstn_reg/C                 pwm[0]/b_reg[11]/CE            0.500         
pwm_rstn_reg/C                 pwm[0]/b_reg[3]/CE             0.500         
pwm_rstn_reg/C                 pwm[0]/b_reg[4]/CE             0.500         
dac_rst_reg/C                  oddr_dac_dat[10]/R             0.502         
pwm_rstn_reg/C                 pwm[3]/b_reg[3]/CE             0.506         
pwm_rstn_reg/C                 pwm[3]/b_reg[4]/CE             0.506         
pwm_rstn_reg/C                 pwm[3]/b_reg[5]/CE             0.506         
pwm_rstn_reg/C                 pwm[3]/b_reg[6]/CE             0.506         
pwm_rstn_reg/C                 pwm[3]/b_reg[7]/CE             0.506         
pwm_rstn_reg/C                 pwm[3]/b_reg[8]/CE             0.506         
pwm_rstn_reg/C                 pwm[3]/v_reg[2]/CE             0.512         
pwm_rstn_reg/C                 pwm[3]/v_reg[4]/CE             0.512         
pwm_rstn_reg/C                 pwm[0]/b_reg[14]/CE            0.515         
pwm_rstn_reg/C                 pwm[3]/vcnt_reg[5]/R           0.519         
pwm_rstn_reg/C                 pwm[2]/v_r_reg[7]/CE           0.529         
pwm_rstn_reg/C                 pwm[2]/v_r_reg[8]/CE           0.529         
i_ps/system_i/system_i/axi_protocol_converter_0/inst/gen_axilite.gen_b2s_conv.axilite_b2s/WR.b_channel_0/bid_fifo_0/cnt_read_reg[1]_rep__1/C
                               i_ps/system_i/system_i/axi_protocol_converter_0/inst/gen_axilite.gen_b2s_conv.axilite_b2s/WR.aw_channel_0/s_awid_r_reg[11]/CE
                                                              0.536         
i_ps/system_i/system_i/axi_protocol_converter_0/inst/gen_axilite.gen_b2s_conv.axilite_b2s/WR.b_channel_0/bid_fifo_0/cnt_read_reg[1]_rep__1/C
                               i_ps/system_i/system_i/axi_protocol_converter_0/inst/gen_axilite.gen_b2s_conv.axilite_b2s/WR.aw_channel_0/s_awid_r_reg[1]/CE
                                                              0.536         
i_ps/system_i/system_i/axi_protocol_converter_0/inst/gen_axilite.gen_b2s_conv.axilite_b2s/WR.b_channel_0/bid_fifo_0/cnt_read_reg[1]_rep__1/C
                               i_ps/system_i/system_i/axi_protocol_converter_0/inst/gen_axilite.gen_b2s_conv.axilite_b2s/WR.aw_channel_0/s_awid_r_reg[4]/CE
                                                              0.536         
i_ps/system_i/system_i/axi_protocol_converter_0/inst/gen_axilite.gen_b2s_conv.axilite_b2s/WR.b_channel_0/bid_fifo_0/cnt_read_reg[1]_rep__1/C
                               i_ps/system_i/system_i/axi_protocol_converter_0/inst/gen_axilite.gen_b2s_conv.axilite_b2s/WR.aw_channel_0/s_awid_r_reg[5]/CE
                                                              0.536         
i_ps/system_i/system_i/axi_protocol_converter_0/inst/gen_axilite.gen_b2s_conv.axilite_b2s/WR.b_channel_0/bid_fifo_0/cnt_read_reg[1]_rep__1/C
                               i_ps/system_i/system_i/axi_protocol_converter_0/inst/gen_axilite.gen_b2s_conv.axilite_b2s/WR.aw_channel_0/s_awid_r_reg[6]/CE
                                                              0.536         
pwm_rstn_reg/C                 pwm[1]/b_reg[14]/CE            0.541         
pwm_rstn_reg/C                 pwm[3]/b_reg[10]/CE            0.543         
dac_rst_reg/C                  oddr_dac_dat[0]/R              0.563         
dac_rst_reg/C                  oddr_dac_dat[2]/R              0.570         
i_ps/system_i/system_i/axi_protocol_converter_0/inst/gen_axilite.gen_b2s_conv.axilite_b2s/RD.r_channel_0/rd_data_fifo_0/cnt_read_reg[4]_rep__2/C
                               i_ps/system_i/system_i/axi_protocol_converter_0/inst/gen_axilite.gen_b2s_conv.axilite_b2s/RD.r_channel_0/rd_data_fifo_0/cnt_read_reg[1]_rep__2/D
                                                              0.575         
pwm[3]/b_reg[0]/C              pwm[3]/v_r_reg[4]/D            0.579         
pwm[2]/v_reg[1]/C              pwm[2]/v_r_reg[7]/D            0.590         
i_ams/dac_d_o_reg[14]/C        pwm[3]/b_reg[14]/D             0.591         
pwm[1]/bcnt_reg[1]/C           pwm[1]/v_reg[0]/CE             0.598         
pwm[1]/bcnt_reg[1]/C           pwm[1]/v_reg[1]/CE             0.598         
pwm[1]/bcnt_reg[1]/C           pwm[1]/v_reg[2]/CE             0.598         
pwm[1]/bcnt_reg[1]/C           pwm[1]/v_reg[5]/CE             0.598         
pwm_rstn_reg/C                 pwm[3]/b_reg[15]/CE            0.618         
pwm_rstn_reg/C                 pwm[0]/b_reg[12]/CE            0.622         
pwm_rstn_reg/C                 pwm[0]/b_reg[13]/CE            0.622         
pwm_rstn_reg/C                 pwm[0]/b_reg[1]/CE             0.622         
pwm_rstn_reg/C                 pwm[0]/b_reg[2]/CE             0.622         
dac_rst_reg/C                  oddr_dac_dat[13]/R             0.625         
pwm[2]/vcnt_reg[0]/C           pwm[2]/b_reg[14]/CE            0.627         
pwm[2]/vcnt_reg[0]/C           pwm[2]/b_reg[8]/CE             0.627         
pwm[2]/vcnt_reg[0]/C           pwm[2]/b_reg[9]/CE             0.627         
dac_rst_reg/C                  oddr_dac_dat[12]/R             0.627         
dac_rst_reg/C                  oddr_dac_dat[1]/R              0.638         
pwm_rstn_reg/C                 pwm[3]/bcnt_reg[0]/R           0.640         
pwm_rstn_reg/C                 pwm[3]/bcnt_reg[1]/R           0.640         
pwm_rstn_reg/C                 pwm[3]/bcnt_reg[2]/R           0.640         
pwm_rstn_reg/C                 pwm[3]/bcnt_reg[3]/R           0.640         
dac_rst_reg/C                  oddr_dac_dat[11]/R             0.640         
pwm[2]/v_reg[1]/C              pwm[2]/v_r_reg[8]/D            0.642         
pwm[2]/v_reg[1]/C              pwm[2]/v_r_reg[1]/D            0.647         
pwm_rstn_reg/C                 pwm[1]/b_reg[3]/CE             0.649         
pwm_rstn_reg/C                 pwm[1]/b_reg[0]/CE             0.651         
pwm_rstn_reg/C                 pwm[1]/b_reg[1]/CE             0.651         
pwm_rstn_reg/C                 pwm[1]/b_reg[2]/CE             0.651         
dac_rst_reg/C                  oddr_dac_dat[4]/R              0.667         
i_ps/system_i/system_i/axi_protocol_converter_0/inst/gen_axilite.gen_b2s_conv.axilite_b2s/RD.r_channel_0/transaction_fifo_0/cnt_read_reg[3]_rep__0/C
                               i_ps/system_i/system_i/axi_protocol_converter_0/inst/gen_axilite.gen_b2s_conv.axilite_b2s/RD.r_channel_0/rd_data_fifo_0/cnt_read_reg[1]_rep/D
                                                              0.703         
dac_rst_reg/C                  oddr_dac_dat[3]/R              0.708         
i_ps/system_i/system_i/axi_protocol_converter_0/inst/gen_axilite.gen_b2s_conv.axilite_b2s/RD.r_channel_0/transaction_fifo_0/cnt_read_reg[3]_rep__0/C
                               i_ps/system_i/system_i/axi_protocol_converter_0/inst/gen_axilite.gen_b2s_conv.axilite_b2s/RD.r_channel_0/rd_data_fifo_0/cnt_read_reg[0]_rep__1/D
                                                              0.756         
i_ps/system_i/system_i/axi_protocol_converter_0/inst/gen_axilite.gen_b2s_conv.axilite_b2s/RD.r_channel_0/transaction_fifo_0/cnt_read_reg[3]_rep__0/C
                               i_ps/system_i/system_i/axi_protocol_converter_0/inst/gen_axilite.gen_b2s_conv.axilite_b2s/RD.r_channel_0/rd_data_fifo_0/cnt_read_reg[0]/D
                                                              0.765         
i_ps/system_i/system_i/axi_protocol_converter_0/inst/gen_axilite.gen_b2s_conv.axilite_b2s/RD.r_channel_0/rd_data_fifo_0/cnt_read_reg[4]_rep__2/C
                               i_ps/system_i/system_i/axi_protocol_converter_0/inst/gen_axilite.gen_b2s_conv.axilite_b2s/RD.r_channel_0/rd_data_fifo_0/cnt_read_reg[0]_rep__2/D
                                                              0.802         
dac_rst_reg/C                  oddr_dac_dat[5]/R              0.807         
i_ps/system_i/system_i/axi_protocol_converter_0/inst/gen_axilite.gen_b2s_conv.axilite_b2s/RD.r_channel_0/rd_data_fifo_0/cnt_read_reg[4]_rep__2/C
                               i_ps/system_i/system_i/axi_protocol_converter_0/inst/gen_axilite.gen_b2s_conv.axilite_b2s/RD.r_channel_0/rd_data_fifo_0/cnt_read_reg[1]_rep__0/D
                                                              0.808         
i_ps/system_i/system_i/axi_protocol_converter_0/inst/gen_axilite.gen_b2s_conv.axilite_b2s/RD.r_channel_0/transaction_fifo_0/cnt_read_reg[3]_rep__0/C
                               i_ps/system_i/system_i/axi_protocol_converter_0/inst/gen_axilite.gen_b2s_conv.axilite_b2s/RD.r_channel_0/rd_data_fifo_0/cnt_read_reg[2]/D
                                                              0.816         
i_ps/system_i/system_i/axi_protocol_converter_0/inst/gen_axilite.gen_b2s_conv.axilite_b2s/RD.r_channel_0/transaction_fifo_0/cnt_read_reg[3]_rep__0/C
                               i_ps/system_i/system_i/axi_protocol_converter_0/inst/gen_axilite.gen_b2s_conv.axilite_b2s/RD.r_channel_0/rd_data_fifo_0/cnt_read_reg[2]_rep/D
                                                              0.821         
i_ps/system_i/system_i/axi_protocol_converter_0/inst/gen_axilite.gen_b2s_conv.axilite_b2s/RD.r_channel_0/rd_data_fifo_0/cnt_read_reg[4]_rep__2/C
                               i_ps/system_i/system_i/axi_protocol_converter_0/inst/gen_axilite.gen_b2s_conv.axilite_b2s/RD.r_channel_0/rd_data_fifo_0/cnt_read_reg[2]_rep__2/D
                                                              0.828         
i_ps/system_i/system_i/axi_protocol_converter_0/inst/gen_axilite.gen_b2s_conv.axilite_b2s/RD.r_channel_0/transaction_fifo_0/cnt_read_reg[3]_rep__0/C
                               i_ps/system_i/system_i/axi_protocol_converter_0/inst/gen_axilite.gen_b2s_conv.axilite_b2s/RD.r_channel_0/rd_data_fifo_0/cnt_read_reg[2]_rep__1/D
                                                              0.851         
i_ps/system_i/system_i/axi_protocol_converter_0/inst/gen_axilite.gen_b2s_conv.axilite_b2s/RD.r_channel_0/rd_data_fifo_0/cnt_read_reg[4]_rep__2/C
                               i_ps/system_i/system_i/axi_protocol_converter_0/inst/gen_axilite.gen_b2s_conv.axilite_b2s/RD.r_channel_0/rd_data_fifo_0/cnt_read_reg[1]/D
                                                              0.871         
i_ps/system_i/system_i/axi_protocol_converter_0/inst/gen_axilite.gen_b2s_conv.axilite_b2s/RD.r_channel_0/rd_data_fifo_0/cnt_read_reg[4]_rep__2/C
                               i_ps/system_i/system_i/axi_protocol_converter_0/inst/gen_axilite.gen_b2s_conv.axilite_b2s/RD.r_channel_0/transaction_fifo_0/cnt_read_reg[4]_rep/D
                                                              0.874         
i_ps/system_i/system_i/axi_protocol_converter_0/inst/gen_axilite.gen_b2s_conv.axilite_b2s/RD.r_channel_0/rd_data_fifo_0/cnt_read_reg[4]_rep__2/C
                               i_ps/system_i/system_i/axi_protocol_converter_0/inst/gen_axilite.gen_b2s_conv.axilite_b2s/RD.r_channel_0/transaction_fifo_0/cnt_read_reg[0]_rep__0/D
                                                              0.901         
i_ps/system_i/system_i/processing_system7/inst/PS7_i/MAXIGP1ACLK
                               i_ps/system_i/system_i/axi_protocol_converter_0/inst/gen_axilite.gen_b2s_conv.axilite_b2s/SI_REG/ar_pipe/m_payload_i_reg[44]/D
                                                              0.917         
i_ps/system_i/system_i/axi_protocol_converter_0/inst/gen_axilite.gen_b2s_conv.axilite_b2s/RD.r_channel_0/rd_data_fifo_0/cnt_read_reg[4]_rep__2/C
                               i_ps/system_i/system_i/axi_protocol_converter_0/inst/gen_axilite.gen_b2s_conv.axilite_b2s/RD.r_channel_0/rd_data_fifo_0/cnt_read_reg[0]_rep/D
                                                              0.932         
i_ps/system_i/system_i/processing_system7/inst/PS7_i/MAXIGP1ACLK
                               i_ps/system_i/system_i/axi_protocol_converter_0/inst/gen_axilite.gen_b2s_conv.axilite_b2s/SI_REG/ar_pipe/m_payload_i_reg[53]/D
                                                              0.935         
dac_rst_reg/C                  oddr_dac_dat[6]/R              0.936         
i_ps/system_i/system_i/axi_protocol_converter_0/inst/gen_axilite.gen_b2s_conv.axilite_b2s/RD.r_channel_0/rd_data_fifo_0/cnt_read_reg[4]_rep__2/C
                               i_ps/system_i/system_i/axi_protocol_converter_0/inst/gen_axilite.gen_b2s_conv.axilite_b2s/RD.r_channel_0/transaction_fifo_0/cnt_read_reg[3]_rep__0/D
                                                              0.944         
i_ps/system_i/system_i/axi_protocol_converter_0/inst/gen_axilite.gen_b2s_conv.axilite_b2s/RD.r_channel_0/rd_data_fifo_0/cnt_read_reg[4]_rep__2/C
                               i_ps/system_i/system_i/axi_protocol_converter_0/inst/gen_axilite.gen_b2s_conv.axilite_b2s/RD.r_channel_0/transaction_fifo_0/cnt_read_reg[3]_rep/D
                                                              0.974         
i_ps/system_i/system_i/axi_protocol_converter_0/inst/gen_axilite.gen_b2s_conv.axilite_b2s/RD.r_channel_0/transaction_fifo_0/cnt_read_reg[3]_rep__0/C
                               i_ps/system_i/system_i/axi_protocol_converter_0/inst/gen_axilite.gen_b2s_conv.axilite_b2s/RD.r_channel_0/rd_data_fifo_0/cnt_read_reg[3]_rep/D
                                                              0.979         
i_ps/system_i/system_i/axi_protocol_converter_0/inst/gen_axilite.gen_b2s_conv.axilite_b2s/RD.r_channel_0/rd_data_fifo_0/cnt_read_reg[4]_rep__2/C
                               i_ps/system_i/system_i/axi_protocol_converter_0/inst/gen_axilite.gen_b2s_conv.axilite_b2s/RD.r_channel_0/rd_data_fifo_0/cnt_read_reg[0]_rep__0/D
                                                              0.980         
i_ps/system_i/system_i/axi_protocol_converter_0/inst/gen_axilite.gen_b2s_conv.axilite_b2s/RD.r_channel_0/transaction_fifo_0/cnt_read_reg[3]_rep__0/C
                               i_ps/system_i/system_i/axi_protocol_converter_0/inst/gen_axilite.gen_b2s_conv.axilite_b2s/RD.r_channel_0/rd_data_fifo_0/cnt_read_reg[3]/D
                                                              0.983         
i_ps/system_i/system_i/axi_protocol_converter_0/inst/gen_axilite.gen_b2s_conv.axilite_b2s/RD.r_channel_0/rd_data_fifo_0/cnt_read_reg[4]_rep__2/C
                               i_ps/system_i/system_i/axi_protocol_converter_0/inst/gen_axilite.gen_b2s_conv.axilite_b2s/RD.r_channel_0/transaction_fifo_0/cnt_read_reg[1]_rep__0/D
                                                              0.986         
i_ps/system_i/system_i/processing_system7/inst/PS7_i/MAXIGP1ACLK
                               i_ps/system_i/system_i/axi_protocol_converter_0/inst/gen_axilite.gen_b2s_conv.axilite_b2s/SI_REG/r_pipe/m_payload_i_reg[0]/CE
                                                              1.010         
i_ps/system_i/system_i/processing_system7/inst/PS7_i/MAXIGP1ACLK
                               i_ps/system_i/system_i/axi_protocol_converter_0/inst/gen_axilite.gen_b2s_conv.axilite_b2s/SI_REG/r_pipe/m_payload_i_reg[14]/CE
                                                              1.010         
i_ps/system_i/system_i/processing_system7/inst/PS7_i/MAXIGP1ACLK
                               i_ps/system_i/system_i/axi_protocol_converter_0/inst/gen_axilite.gen_b2s_conv.axilite_b2s/SI_REG/r_pipe/m_payload_i_reg[15]/CE
                                                              1.010         
i_ps/system_i/system_i/processing_system7/inst/PS7_i/MAXIGP1ACLK
                               i_ps/system_i/system_i/axi_protocol_converter_0/inst/gen_axilite.gen_b2s_conv.axilite_b2s/SI_REG/r_pipe/m_payload_i_reg[20]/CE
                                                              1.010         
i_ps/system_i/system_i/processing_system7/inst/PS7_i/MAXIGP1ACLK
                               i_ps/system_i/system_i/axi_protocol_converter_0/inst/gen_axilite.gen_b2s_conv.axilite_b2s/SI_REG/r_pipe/m_payload_i_reg[21]/CE
                                                              1.010         
i_ps/system_i/system_i/processing_system7/inst/PS7_i/MAXIGP1ACLK
                               i_ps/system_i/system_i/axi_protocol_converter_0/inst/gen_axilite.gen_b2s_conv.axilite_b2s/SI_REG/r_pipe/m_payload_i_reg[2]/CE
                                                              1.010         
i_ps/system_i/system_i/processing_system7/inst/PS7_i/MAXIGP1ACLK
                               i_ps/system_i/system_i/axi_protocol_converter_0/inst/gen_axilite.gen_b2s_conv.axilite_b2s/SI_REG/r_pipe/m_payload_i_reg[6]/CE
                                                              1.010         
i_ps/system_i/system_i/processing_system7/inst/PS7_i/MAXIGP1ACLK
                               i_ps/system_i/system_i/axi_protocol_converter_0/inst/gen_axilite.gen_b2s_conv.axilite_b2s/SI_REG/r_pipe/m_payload_i_reg[7]/CE
                                                              1.010         
i_ps/system_i/system_i/axi_protocol_converter_0/inst/gen_axilite.gen_b2s_conv.axilite_b2s/RD.r_channel_0/rd_data_fifo_0/cnt_read_reg[4]_rep__2/C
                               i_ps/system_i/system_i/axi_protocol_converter_0/inst/gen_axilite.gen_b2s_conv.axilite_b2s/RD.r_channel_0/transaction_fifo_0/cnt_read_reg[1]/D
                                                              1.025         
i_ps/system_i/system_i/axi_protocol_converter_0/inst/gen_axilite.gen_b2s_conv.axilite_b2s/RD.r_channel_0/rd_data_fifo_0/cnt_read_reg[4]_rep__2/C
                               i_ps/system_i/system_i/axi_protocol_converter_0/inst/gen_axilite.gen_b2s_conv.axilite_b2s/RD.r_channel_0/transaction_fifo_0/cnt_read_reg[3]/D
                                                              1.025         
i_ps/system_i/system_i/axi_protocol_converter_0/inst/gen_axilite.gen_b2s_conv.axilite_b2s/WR.b_channel_0/bid_fifo_0/cnt_read_reg[1]_rep__1/C
                               i_ps/system_i/system_i/axi_protocol_converter_0/inst/gen_axilite.gen_b2s_conv.axilite_b2s/WR.b_channel_0/bid_fifo_0/cnt_read_reg[0]_rep/D
                                                              1.029         
i_ps/system_i/system_i/axi_protocol_converter_0/inst/gen_axilite.gen_b2s_conv.axilite_b2s/RD.r_channel_0/rd_data_fifo_0/cnt_read_reg[4]_rep__2/C
                               i_ps/system_i/system_i/axi_protocol_converter_0/inst/gen_axilite.gen_b2s_conv.axilite_b2s/RD.r_channel_0/transaction_fifo_0/cnt_read_reg[2]_rep/D
                                                              1.030         
i_ps/system_i/system_i/processing_system7/inst/PS7_i/MAXIGP1ACLK
                               i_ps/system_i/system_i/axi_protocol_converter_0/inst/gen_axilite.gen_b2s_conv.axilite_b2s/SI_REG/r_pipe/m_payload_i_reg[26]/CE
                                                              1.032         
i_ps/system_i/system_i/processing_system7/inst/PS7_i/MAXIGP1ACLK
                               i_ps/system_i/system_i/axi_protocol_converter_0/inst/gen_axilite.gen_b2s_conv.axilite_b2s/SI_REG/r_pipe/m_payload_i_reg[27]/CE
                                                              1.032         
i_ps/system_i/system_i/axi_protocol_converter_0/inst/gen_axilite.gen_b2s_conv.axilite_b2s/RD.r_channel_0/rd_data_fifo_0/cnt_read_reg[4]_rep__2/C
                               i_ps/system_i/system_i/axi_protocol_converter_0/inst/gen_axilite.gen_b2s_conv.axilite_b2s/RD.r_channel_0/transaction_fifo_0/cnt_read_reg[1]_rep/D
                                                              1.034         
i_ps/system_i/system_i/axi_protocol_converter_0/inst/gen_axilite.gen_b2s_conv.axilite_b2s/RD.r_channel_0/rd_data_fifo_0/cnt_read_reg[4]_rep__2/C
                               i_ps/system_i/system_i/axi_protocol_converter_0/inst/gen_axilite.gen_b2s_conv.axilite_b2s/RD.r_channel_0/rd_data_fifo_0/cnt_read_reg[2]_rep__0/D
                                                              1.063         
i_ps/system_i/system_i/processing_system7/inst/PS7_i/MAXIGP1ACLK
                               i_ps/system_i/system_i/axi_protocol_converter_0/inst/gen_axilite.gen_b2s_conv.axilite_b2s/SI_REG/r_pipe/m_payload_i_reg[38]/CE
                                                              1.066         
i_ps/system_i/system_i/processing_system7/inst/PS7_i/MAXIGP1ACLK
                               i_ps/system_i/system_i/axi_protocol_converter_0/inst/gen_axilite.gen_b2s_conv.axilite_b2s/SI_REG/r_pipe/m_payload_i_reg[39]/CE
                                                              1.066         
i_ps/system_i/system_i/processing_system7/inst/PS7_i/MAXIGP1ACLK
                               i_ps/system_i/system_i/axi_protocol_converter_0/inst/gen_axilite.gen_b2s_conv.axilite_b2s/SI_REG/r_pipe/m_payload_i_reg[42]/CE
                                                              1.066         
i_ps/system_i/system_i/processing_system7/inst/PS7_i/MAXIGP1ACLK
                               i_ps/system_i/system_i/axi_protocol_converter_0/inst/gen_axilite.gen_b2s_conv.axilite_b2s/SI_REG/r_pipe/m_payload_i_reg[43]/CE
                                                              1.066         
i_ps/system_i/system_i/processing_system7/inst/PS7_i/MAXIGP1ACLK
                               i_ps/system_i/system_i/axi_protocol_converter_0/inst/gen_axilite.gen_b2s_conv.axilite_b2s/SI_REG/r_pipe/m_payload_i_reg[44]/CE
                                                              1.066         
i_ps/system_i/system_i/processing_system7/inst/PS7_i/MAXIGP1ACLK
                               i_ps/system_i/system_i/axi_protocol_converter_0/inst/gen_axilite.gen_b2s_conv.axilite_b2s/SI_REG/r_pipe/m_payload_i_reg[45]/CE
                                                              1.066         
dac_rst_reg/C                  oddr_dac_dat[7]/R              1.084         
i_ps/system_i/system_i/processing_system7/inst/PS7_i/MAXIGP1ACLK
                               i_ps/system_i/system_i/axi_protocol_converter_0/inst/gen_axilite.gen_b2s_conv.axilite_b2s/SI_REG/ar_pipe/m_payload_i_reg[45]/D
                                                              1.089         
i_ps/system_i/system_i/axi_protocol_converter_0/inst/gen_axilite.gen_b2s_conv.axilite_b2s/WR.b_channel_0/bid_fifo_0/cnt_read_reg[1]_rep__1/C
                               i_ps/system_i/system_i/axi_protocol_converter_0/inst/gen_axilite.gen_b2s_conv.axilite_b2s/SI_REG/aw_pipe/m_payload_i_reg[51]/CE
                                                              1.101         
i_ps/system_i/system_i/axi_protocol_converter_0/inst/gen_axilite.gen_b2s_conv.axilite_b2s/WR.b_channel_0/bid_fifo_0/cnt_read_reg[1]_rep__1/C
                               i_ps/system_i/system_i/axi_protocol_converter_0/inst/gen_axilite.gen_b2s_conv.axilite_b2s/SI_REG/aw_pipe/m_payload_i_reg[52]/CE
                                                              1.101         
i_ps/system_i/system_i/axi_protocol_converter_0/inst/gen_axilite.gen_b2s_conv.axilite_b2s/WR.b_channel_0/bid_fifo_0/cnt_read_reg[1]_rep__1/C
                               i_ps/system_i/system_i/axi_protocol_converter_0/inst/gen_axilite.gen_b2s_conv.axilite_b2s/SI_REG/aw_pipe/m_payload_i_reg[53]/CE
                                                              1.101         
i_ps/system_i/system_i/axi_protocol_converter_0/inst/gen_axilite.gen_b2s_conv.axilite_b2s/WR.b_channel_0/bid_fifo_0/cnt_read_reg[1]_rep__1/C
                               i_ps/system_i/system_i/axi_protocol_converter_0/inst/gen_axilite.gen_b2s_conv.axilite_b2s/SI_REG/aw_pipe/m_payload_i_reg[54]/CE
                                                              1.101         
i_ps/system_i/system_i/axi_protocol_converter_0/inst/gen_axilite.gen_b2s_conv.axilite_b2s/WR.b_channel_0/bid_fifo_0/cnt_read_reg[1]_rep__1/C
                               i_ps/system_i/system_i/axi_protocol_converter_0/inst/gen_axilite.gen_b2s_conv.axilite_b2s/SI_REG/aw_pipe/m_payload_i_reg[57]/CE
                                                              1.101         
i_ps/system_i/system_i/axi_protocol_converter_0/inst/gen_axilite.gen_b2s_conv.axilite_b2s/WR.b_channel_0/bid_fifo_0/cnt_read_reg[1]_rep__1/C
                               i_ps/system_i/system_i/axi_protocol_converter_0/inst/gen_axilite.gen_b2s_conv.axilite_b2s/SI_REG/aw_pipe/m_payload_i_reg[58]/CE
                                                              1.101         
i_ps/system_i/system_i/processing_system7/inst/PS7_i/MAXIGP1ACLK
                               i_ps/system_i/system_i/axi_protocol_converter_0/inst/gen_axilite.gen_b2s_conv.axilite_b2s/SI_REG/ar_pipe/m_payload_i_reg[46]/D
                                                              1.123         
i_ps/system_i/system_i/processing_system7/inst/PS7_i/MAXIGP1ACLK
                               i_ps/system_i/system_i/axi_protocol_converter_0/inst/gen_axilite.gen_b2s_conv.axilite_b2s/SI_REG/ar_pipe/m_payload_i_reg[50]/D
                                                              1.125         
i_ps/system_i/system_i/processing_system7/inst/PS7_i/MAXIGP1ACLK
                               i_ps/system_i/system_i/axi_protocol_converter_0/inst/gen_axilite.gen_b2s_conv.axilite_b2s/SI_REG/ar_pipe/m_payload_i_reg[59]/D
                                                              1.126         
i_ps/system_i/system_i/axi_protocol_converter_0/inst/gen_axilite.gen_b2s_conv.axilite_b2s/RD.r_channel_0/transaction_fifo_0/cnt_read_reg[3]_rep__0/C
                               i_ps/system_i/system_i/axi_protocol_converter_0/inst/gen_axilite.gen_b2s_conv.axilite_b2s/RD.r_channel_0/rd_data_fifo_0/cnt_read_reg[3]_rep__1/D
                                                              1.127         
i_ps/system_i/system_i/processing_system7/inst/PS7_i/MAXIGP1ACLK
                               i_ps/system_i/system_i/axi_protocol_converter_0/inst/gen_axilite.gen_b2s_conv.axilite_b2s/SI_REG/r_pipe/m_payload_i_reg[10]/CE
                                                              1.138         
i_ps/system_i/system_i/processing_system7/inst/PS7_i/MAXIGP1ACLK
                               i_ps/system_i/system_i/axi_protocol_converter_0/inst/gen_axilite.gen_b2s_conv.axilite_b2s/SI_REG/r_pipe/m_payload_i_reg[11]/CE
                                                              1.138         
i_ps/system_i/system_i/processing_system7/inst/PS7_i/MAXIGP1ACLK
                               i_ps/system_i/system_i/axi_protocol_converter_0/inst/gen_axilite.gen_b2s_conv.axilite_b2s/SI_REG/r_pipe/m_payload_i_reg[12]/CE
                                                              1.138         
i_ps/system_i/system_i/processing_system7/inst/PS7_i/MAXIGP1ACLK
                               i_ps/system_i/system_i/axi_protocol_converter_0/inst/gen_axilite.gen_b2s_conv.axilite_b2s/SI_REG/r_pipe/m_payload_i_reg[13]/CE
                                                              1.138         
i_ps/system_i/system_i/processing_system7/inst/PS7_i/MAXIGP1ACLK
                               i_ps/system_i/system_i/axi_protocol_converter_0/inst/gen_axilite.gen_b2s_conv.axilite_b2s/SI_REG/r_pipe/m_payload_i_reg[1]/CE
                                                              1.138         
i_ps/system_i/system_i/processing_system7/inst/PS7_i/MAXIGP1ACLK
                               i_ps/system_i/system_i/axi_protocol_converter_0/inst/gen_axilite.gen_b2s_conv.axilite_b2s/SI_REG/r_pipe/m_payload_i_reg[3]/CE
                                                              1.138         
i_ps/system_i/system_i/processing_system7/inst/PS7_i/MAXIGP1ACLK
                               i_ps/system_i/system_i/axi_protocol_converter_0/inst/gen_axilite.gen_b2s_conv.axilite_b2s/SI_REG/r_pipe/m_payload_i_reg[8]/CE
                                                              1.138         
i_ps/system_i/system_i/processing_system7/inst/PS7_i/MAXIGP1ACLK
                               i_ps/system_i/system_i/axi_protocol_converter_0/inst/gen_axilite.gen_b2s_conv.axilite_b2s/SI_REG/r_pipe/m_payload_i_reg[9]/CE
                                                              1.138         
i_ps/system_i/system_i/processing_system7/inst/PS7_i/MAXIGP1ACLK
                               i_ps/system_i/system_i/axi_protocol_converter_0/inst/gen_axilite.gen_b2s_conv.axilite_b2s/SI_REG/ar_pipe/m_payload_i_reg[52]/D
                                                              1.150         
i_ps/system_i/system_i/axi_protocol_converter_0/inst/gen_axilite.gen_b2s_conv.axilite_b2s/RD.r_channel_0/rd_data_fifo_0/cnt_read_reg[4]_rep__2/C
                               i_ps/system_i/system_i/axi_protocol_converter_0/inst/gen_axilite.gen_b2s_conv.axilite_b2s/RD.r_channel_0/transaction_fifo_0/cnt_read_reg[0]_rep/D
                                                              1.157         
i_ps/system_i/system_i/axi_protocol_converter_0/inst/gen_axilite.gen_b2s_conv.axilite_b2s/RD.r_channel_0/rd_data_fifo_0/cnt_read_reg[4]_rep__2/C
                               i_ps/system_i/system_i/axi_protocol_converter_0/inst/gen_axilite.gen_b2s_conv.axilite_b2s/RD.r_channel_0/transaction_fifo_0/cnt_read_reg[0]/D
                                                              1.172         
i_ps/system_i/system_i/processing_system7/inst/PS7_i/MAXIGP1ACLK
                               i_ps/system_i/system_i/axi_protocol_converter_0/inst/gen_axilite.gen_b2s_conv.axilite_b2s/SI_REG/r_pipe/m_payload_i_reg[34]/CE
                                                              1.188         
i_ps/system_i/system_i/processing_system7/inst/PS7_i/MAXIGP1ACLK
                               i_ps/system_i/system_i/axi_protocol_converter_0/inst/gen_axilite.gen_b2s_conv.axilite_b2s/SI_REG/r_pipe/m_payload_i_reg[35]/CE
                                                              1.188         
i_ps/system_i/system_i/processing_system7/inst/PS7_i/MAXIGP1ACLK
                               i_ps/system_i/system_i/axi_protocol_converter_0/inst/gen_axilite.gen_b2s_conv.axilite_b2s/SI_REG/r_pipe/m_payload_i_reg[24]/CE
                                                              1.189         
i_ps/system_i/system_i/processing_system7/inst/PS7_i/MAXIGP1ACLK
                               i_ps/system_i/system_i/axi_protocol_converter_0/inst/gen_axilite.gen_b2s_conv.axilite_b2s/SI_REG/r_pipe/m_payload_i_reg[25]/CE
                                                              1.189         
i_ps/system_i/system_i/processing_system7/inst/PS7_i/MAXIGP1ACLK
                               i_ps/system_i/system_i/axi_protocol_converter_0/inst/gen_axilite.gen_b2s_conv.axilite_b2s/SI_REG/r_pipe/m_payload_i_reg[18]/CE
                                                              1.189         
i_ps/system_i/system_i/processing_system7/inst/PS7_i/MAXIGP1ACLK
                               i_ps/system_i/system_i/axi_protocol_converter_0/inst/gen_axilite.gen_b2s_conv.axilite_b2s/SI_REG/r_pipe/m_payload_i_reg[19]/CE
                                                              1.189         
i_ps/system_i/system_i/processing_system7/inst/PS7_i/MAXIGP1ACLK
                               i_ps/system_i/system_i/axi_protocol_converter_0/inst/gen_axilite.gen_b2s_conv.axilite_b2s/SI_REG/r_pipe/m_payload_i_reg[22]/CE
                                                              1.189         
i_ps/system_i/system_i/processing_system7/inst/PS7_i/MAXIGP1ACLK
                               i_ps/system_i/system_i/axi_protocol_converter_0/inst/gen_axilite.gen_b2s_conv.axilite_b2s/SI_REG/r_pipe/m_payload_i_reg[23]/CE
                                                              1.189         
i_ps/system_i/system_i/processing_system7/inst/PS7_i/MAXIGP1ACLK
                               i_ps/system_i/system_i/axi_protocol_converter_0/inst/gen_axilite.gen_b2s_conv.axilite_b2s/SI_REG/r_pipe/m_payload_i_reg[30]/CE
                                                              1.189         
i_ps/system_i/system_i/processing_system7/inst/PS7_i/MAXIGP1ACLK
                               i_ps/system_i/system_i/axi_protocol_converter_0/inst/gen_axilite.gen_b2s_conv.axilite_b2s/SI_REG/r_pipe/m_payload_i_reg[31]/CE
                                                              1.189         
i_ps/system_i/system_i/processing_system7/inst/PS7_i/MAXIGP1ACLK
                               i_ps/system_i/system_i/axi_protocol_converter_0/inst/gen_axilite.gen_b2s_conv.axilite_b2s/SI_REG/r_pipe/m_payload_i_reg[4]/CE
                                                              1.189         
i_ps/system_i/system_i/processing_system7/inst/PS7_i/MAXIGP1ACLK
                               i_ps/system_i/system_i/axi_protocol_converter_0/inst/gen_axilite.gen_b2s_conv.axilite_b2s/SI_REG/r_pipe/m_payload_i_reg[5]/CE
                                                              1.189         
i_ps/system_i/system_i/axi_protocol_converter_0/inst/gen_axilite.gen_b2s_conv.axilite_b2s/RD.r_channel_0/rd_data_fifo_0/cnt_read_reg[4]_rep__2/C
                               i_ps/system_i/system_i/axi_protocol_converter_0/inst/gen_axilite.gen_b2s_conv.axilite_b2s/RD.r_channel_0/transaction_fifo_0/cnt_read_reg[2]_rep__0/D
                                                              1.206         
i_ps/system_i/system_i/axi_protocol_converter_0/inst/gen_axilite.gen_b2s_conv.axilite_b2s/RD.r_channel_0/rd_data_fifo_0/cnt_read_reg[4]_rep__2/C
                               i_ps/system_i/system_i/axi_protocol_converter_0/inst/gen_axilite.gen_b2s_conv.axilite_b2s/RD.r_channel_0/transaction_fifo_0/cnt_read_reg[2]/D
                                                              1.210         
dac_rst_reg/C                  oddr_dac_dat[8]/R              1.233         
dac_rst_reg/C                  oddr_dac_dat[9]/R              1.382         
dac_rst_reg/C                  oddr_dac_sel/R                 1.515         
dac_dat_a_reg[4]/C             oddr_dac_dat[4]/D2             1.714         
dac_rst_reg/C                  oddr_dac_rst/D2                1.750         
dac_dat_a_reg[10]/C            oddr_dac_dat[10]/D2            1.785         
dac_dat_a_reg[11]/C            oddr_dac_dat[11]/D2            1.843         
dac_dat_a_reg[0]/C             oddr_dac_dat[0]/D2             1.885         
i_dsp/sum1_reg[14]/C           dac_dat_a_reg[9]/D             1.939         
dac_dat_a_reg[7]/C             oddr_dac_dat[7]/D2             1.976         
dac_dat_a_reg[8]/C             oddr_dac_dat[8]/D2             1.982         
dac_dat_a_reg[12]/C            oddr_dac_dat[12]/D2            1.989         
dac_dat_a_reg[6]/C             oddr_dac_dat[6]/D2             1.995         
i_dsp/sum2_reg[14]/C           dac_dat_b_reg[1]/D             2.002         
dac_dat_a_reg[5]/C             oddr_dac_dat[5]/D2             2.003         
dac_dat_a_reg[13]/C            oddr_dac_dat[13]/D2            2.005         
dac_dat_a_reg[1]/C             oddr_dac_dat[1]/D2             2.009         
dac_dat_a_reg[2]/C             oddr_dac_dat[2]/D2             2.029         
i_dsp/sum2_reg[14]/C           dac_dat_b_reg[11]/D            2.082         
dac_dat_a_reg[9]/C             oddr_dac_dat[9]/D2             2.189         
dac_dat_a_reg[3]/C             oddr_dac_dat[3]/D2             2.193         
i_dsp/sum2_reg[13]/C           dac_dat_b_reg[4]/D             2.228         
i_dsp/sum2_reg[14]/C           dac_dat_b_reg[3]/D             2.254         
i_dsp/sum2_reg[14]/C           dac_dat_b_reg[0]/D             2.288         
i_dsp/sum2_reg[14]/C           dac_dat_b_reg[6]/D             2.356         
i_dsp/sum2_reg[14]/C           dac_dat_b_reg[2]/D             2.473         
i_dsp/sum1_reg[14]/C           dac_dat_a_reg[3]/D             2.595         
i_dsp/sum1_reg[13]/C           dac_dat_a_reg[4]/D             2.662         
i_dsp/sum1_reg[14]/C           dac_dat_a_reg[5]/D             2.695         
i_dsp/sum1_reg[15]/C           dac_dat_a_reg[11]/D            2.735         
i_dsp/sum1_reg[13]/C           dac_dat_a_reg[1]/D             2.847         
i_dsp/sum2_reg[17]/C           dac_dat_b_reg[13]/D            2.967         
i_dsp/sum2_reg[14]/C           dac_dat_b_reg[9]/D             2.997         
i_dsp/sum1_reg[15]/C           dac_dat_a_reg[12]/D            3.067         
i_dsp/sum2_reg[14]/C           dac_dat_b_reg[8]/D             3.102         
i_dsp/sum2_reg[15]/C           dac_dat_b_reg[12]/D            3.114         
i_dsp/sum2_reg[14]/C           dac_dat_b_reg[7]/D             3.227         
i_dsp/sum1_reg[15]/C           dac_dat_a_reg[2]/D             3.298         
i_dsp/sum1_reg[6]/C            dac_dat_a_reg[6]/D             3.386         
i_dsp/sum2_reg[14]/C           dac_dat_b_reg[5]/D             3.426         
i_dsp/sum2_reg[14]/C           dac_dat_b_reg[10]/D            3.446         
i_dsp/sum1_reg[13]/C           dac_dat_a_reg[10]/D            3.739         
i_dsp/sum1_reg[14]/C           dac_dat_a_reg[8]/D             3.802         
i_dsp/sum1_reg[13]/C           dac_dat_a_reg[0]/D             3.837         
i_dsp/sum1_reg[17]/C           dac_dat_a_reg[13]/D            4.048         
i_dsp/sum1_reg[14]/C           dac_dat_a_reg[7]/D             4.092         
dac_rst_reg/C                  oddr_dac_rst/D1                5.560         
dac_dat_b_reg[0]/C             oddr_dac_dat[0]/D1             5.674         
dac_dat_b_reg[1]/C             oddr_dac_dat[1]/D1             5.795         
dac_dat_b_reg[7]/C             oddr_dac_dat[7]/D1             5.839         
dac_dat_b_reg[12]/C            oddr_dac_dat[12]/D1            5.861         
dac_dat_b_reg[10]/C            oddr_dac_dat[10]/D1            5.863         
dac_dat_b_reg[13]/C            oddr_dac_dat[13]/D1            5.864         
dac_dat_b_reg[11]/C            oddr_dac_dat[11]/D1            5.900         
dac_dat_b_reg[9]/C             oddr_dac_dat[9]/D1             5.994         
dac_dat_b_reg[6]/C             oddr_dac_dat[6]/D1             5.996         
dac_dat_b_reg[3]/C             oddr_dac_dat[3]/D1             6.009         
dac_dat_b_reg[8]/C             oddr_dac_dat[8]/D1             6.035         
dac_dat_b_reg[4]/C             oddr_dac_dat[4]/D1             6.047         
dac_dat_b_reg[2]/C             oddr_dac_dat[2]/D1             6.051         
dac_dat_b_reg[5]/C             oddr_dac_dat[5]/D1             6.059         



